

                                                                      Page 1
ispLEVER Classic 2.0.00.17.20.15  -  Device Utilization Chart         Mon May 14 15:18:43 2018



--------------------------------------------------------------------------------

Module                   : 'copiadora'

--------------------------------------------------------------------------------

Input files:

    ABEL PLA file        : proyecto2copiadora_comparador.tt3
    Device library       : P22V10G.dev

Output files:

    Report file          : proyecto2copiadora_comparador.rpt
    Programmer load file : proyecto2copiadora_comparador.jed

--------------------------------------------------------------------------------


                                                                      Page 2
ispLEVER Classic 2.0.00.17.20.15  -  Device Utilization Chart         Mon May 14 15:18:43 2018

P22V10G Programmed Logic:
--------------------------------------------------------------------------------



Mayor     = (  A_3_ & !B_3_ 
             #   A_3_ & A_2_ & !B_2_ 
             #   !B_3_ & A_2_ & !B_2_ 
             #   A_3_ & A_2_ & !N_14_0 
             #   !B_3_ & A_2_ & !N_14_0 
             #   A_3_ & !B_2_ & !N_14_0 
             #   !B_3_ & !B_2_ & !N_14_0 );

Igual     = !(  !A_3_ & B_3_ 
             #   A_3_ & !B_3_ 
             #   !A_1_ & B_1_ 
             #   A_1_ & !B_1_ 
             #   !A_2_ & B_2_ 
             #   A_2_ & !B_2_ 
             #   !A_0_ & B_0_ 
             #   A_0_ & !B_0_ );

Menor     = (  !A_3_ & B_3_ 
             #   !A_3_ & !A_2_ & B_2_ 
             #   B_3_ & !A_2_ & B_2_ 
             #   !A_3_ & !A_2_ & !N_27_0 
             #   B_3_ & !A_2_ & !N_27_0 
             #   !A_3_ & B_2_ & !N_27_0 
             #   B_3_ & B_2_ & !N_27_0 );

N_14_0     = !(  A_1_ & !B_1_ 
              #   A_1_ & A_0_ & !B_0_ 
              #   A_0_ & !B_1_ & !B_0_ );

N_27_0     = !(  !A_1_ & B_1_ 
              #   !A_1_ & !A_0_ & B_0_ 
              #   !A_0_ & B_1_ & B_0_ );



                                                                      Page 3
ispLEVER Classic 2.0.00.17.20.15  -  Device Utilization Chart         Mon May 14 15:18:44 2018

P22V10G Chip Diagram:
--------------------------------------------------------------------------------




                                   P22V10G

                         +---------\       /---------+
                         |          \     /          |
                         |           -----           |
                    A_3_ |  1                    24  | Vcc                     
                         |                           |
                    B_3_ |  2                    23  | !N_27_0                 
                         |                           |
                    A_2_ |  3                    22  | Menor                   
                         |                           |
                    A_1_ |  4                    21  | Mayor                   
                         |                           |
                    A_0_ |  5                    20  |                         
                         |                           |
                    B_2_ |  6                    19  |                         
                         |                           |
                    B_1_ |  7                    18  |                         
                         |                           |
                    B_0_ |  8                    17  |                         
                         |                           |
                         |  9                    16  |                         
                         |                           |
                         | 10                    15  | !Igual                  
                         |                           |
                         | 11                    14  | !N_14_0                 
                         |                           |
                     GND | 12                    13  |                         
                         |                           |
                         |                           |
                         `---------------------------'

                        SIGNATURE: N/A


                                                                      Page 4
ispLEVER Classic 2.0.00.17.20.15  -  Device Utilization Chart         Mon May 14 15:18:44 2018

P22V10G Resource Allocations:
--------------------------------------------------------------------------------



        Device        | Resource  |   Design    |
       Resources      | Available | Requirement | Unused
======================|===========|=============|==============
                      |           |             |
Input Pins:           |           |             |
                      |           |             |
          Input:      |     12    |      8      |    4 ( 33 %)
                      |           |             |
Output Pins:          |           |             |
                      |           |             |
          In/Out:     |     10    |      5      |    5 ( 50 %)
          Output:     |      -    |      -      |    -
                      |           |             |
Buried Nodes:         |           |             |
                      |           |             |
          Input Reg:  |      -    |      -      |    -
          Pin Reg:    |     10    |      0      |   10 (100 %)
          Buried Reg: |      -    |      -      |    -


                                                                      Page 5
ispLEVER Classic 2.0.00.17.20.15  -  Device Utilization Chart         Mon May 14 15:18:44 2018

P22V10G Product Terms Distribution:
--------------------------------------------------------------------------------



            Signal                       |    Pin   | Terms | Terms | Terms
             Name                        | Assigned | Used  |  Max  | Unused
=========================================|==========|=======|=======|=======
Mayor                                    |   21     |   7   |  12   |   5
Igual                                    |   15     |   8   |  10   |   2
Menor                                    |   22     |   7   |  10   |   3
N_14_0                                   |   14     |   3   |   8   |   5
N_27_0                                   |   23     |   3   |   8   |   5


     ==== List of Inputs/Feedbacks ====

Signal Name                              | Pin      | Pin Type
=========================================|==========|=========
A_3_                                     |    1     | CLK/IN
B_3_                                     |    2     | INPUT
A_2_                                     |    3     | INPUT
A_1_                                     |    4     | INPUT
A_0_                                     |    5     | INPUT
B_2_                                     |    6     | INPUT
B_1_                                     |    7     | INPUT
B_0_                                     |    8     | INPUT
N_14_0                                   |   14     | BIDIR
N_27_0                                   |   23     | BIDIR


                                                                      Page 6
ispLEVER Classic 2.0.00.17.20.15  -  Device Utilization Chart         Mon May 14 15:18:44 2018

P22V10G Unused Resources:
--------------------------------------------------------------------------------



 Pin   |  Pin   |   Product   | Flip-flop
Number |  Type  |   Terms     |   Type
=======|========|=============|==========
    9  |  INPUT |      -      |    -   
   10  |  INPUT |      -      |    -   
   11  |  INPUT |      -      |    -   
   13  |  INPUT |      -      |    -   
   16  |  BIDIR | NORMAL 12   |    D
   17  |  BIDIR | NORMAL 14   |    D
   18  |  BIDIR | NORMAL 16   |    D
   19  |  BIDIR | NORMAL 16   |    D
   20  |  BIDIR | NORMAL 14   |    D
