

                                                                      Page 1
ispLEVER Classic 2.0.00.17.20.15  -  Device Utilization Chart         Wed May 02 22:26:44 2018



--------------------------------------------------------------------------------

Module                   : 'unam'

--------------------------------------------------------------------------------

Input files:

    ABEL PLA file        : decodipswitch.tt3
    Device library       : P22V10G.dev

Output files:

    Report file          : decodipswitch.rpt
    Programmer load file : decodipswitch.jed

--------------------------------------------------------------------------------


                                                                      Page 2
ispLEVER Classic 2.0.00.17.20.15  -  Device Utilization Chart         Wed May 02 22:26:44 2018

P22V10G Programmed Logic:
--------------------------------------------------------------------------------



D     = (  !N0 & !N1 & !N2 & !N3 & !N4 & !N5 & !N6 & !N7 & !N8 & N9 
         #   !N0 & !N1 & !N2 & !N3 & !N4 & !N5 & !N6 & !N7 & N8 & !N9 );

C     = (  !N0 & !N1 & !N2 & !N3 & !N4 & !N5 & !N6 & N7 & !N8 & !N9 
         #   !N0 & !N1 & !N2 & !N3 & !N4 & !N5 & N6 & !N7 & !N8 & !N9 
         #   !N0 & !N1 & !N2 & !N3 & !N4 & N5 & !N6 & !N7 & !N8 & !N9 
         #   !N0 & !N1 & !N2 & !N3 & N4 & !N5 & !N6 & !N7 & !N8 & !N9 );

B     = (  !N0 & !N1 & !N2 & !N3 & !N4 & !N5 & !N6 & N7 & !N8 & !N9 
         #   !N0 & !N1 & !N2 & !N3 & !N4 & !N5 & N6 & !N7 & !N8 & !N9 
         #   !N0 & !N1 & !N2 & N3 & !N4 & !N5 & !N6 & !N7 & !N8 & !N9 
         #   !N0 & !N1 & N2 & !N3 & !N4 & !N5 & !N6 & !N7 & !N8 & !N9 );

A     = (  !N0 & !N1 & !N2 & !N3 & !N4 & !N5 & !N6 & !N7 & !N8 & N9 
         #   !N0 & !N1 & !N2 & !N3 & !N4 & !N5 & !N6 & N7 & !N8 & !N9 
         #   !N0 & !N1 & !N2 & !N3 & !N4 & N5 & !N6 & !N7 & !N8 & !N9 
         #   !N0 & !N1 & !N2 & N3 & !N4 & !N5 & !N6 & !N7 & !N8 & !N9 
         #   !N0 & N1 & !N2 & !N3 & !N4 & !N5 & !N6 & !N7 & !N8 & !N9 );



                                                                      Page 3
ispLEVER Classic 2.0.00.17.20.15  -  Device Utilization Chart         Wed May 02 22:26:44 2018

P22V10G Chip Diagram:
--------------------------------------------------------------------------------




                                   P22V10G

                         +---------\       /---------+
                         |          \     /          |
                         |           -----           |
                      N0 |  1                    24  | Vcc                     
                         |                           |
                      N1 |  2                    23  | A                       
                         |                           |
                      N2 |  3                    22  | C                       
                         |                           |
                      N3 |  4                    21  |                         
                         |                           |
                      N4 |  5                    20  |                         
                         |                           |
                      N5 |  6                    19  |                         
                         |                           |
                      N6 |  7                    18  |                         
                         |                           |
                      N7 |  8                    17  |                         
                         |                           |
                      N8 |  9                    16  |                         
                         |                           |
                      N9 | 10                    15  | D                       
                         |                           |
                         | 11                    14  | B                       
                         |                           |
                     GND | 12                    13  |                         
                         |                           |
                         |                           |
                         `---------------------------'

                        SIGNATURE: N/A


                                                                      Page 4
ispLEVER Classic 2.0.00.17.20.15  -  Device Utilization Chart         Wed May 02 22:26:44 2018

P22V10G Resource Allocations:
--------------------------------------------------------------------------------



        Device        | Resource  |   Design    |
       Resources      | Available | Requirement | Unused
======================|===========|=============|==============
                      |           |             |
Input Pins:           |           |             |
                      |           |             |
          Input:      |     12    |     10      |    2 ( 16 %)
                      |           |             |
Output Pins:          |           |             |
                      |           |             |
          In/Out:     |     10    |      4      |    6 ( 60 %)
          Output:     |      -    |      -      |    -
                      |           |             |
Buried Nodes:         |           |             |
                      |           |             |
          Input Reg:  |      -    |      -      |    -
          Pin Reg:    |     10    |      0      |   10 (100 %)
          Buried Reg: |      -    |      -      |    -


                                                                      Page 5
ispLEVER Classic 2.0.00.17.20.15  -  Device Utilization Chart         Wed May 02 22:26:44 2018

P22V10G Product Terms Distribution:
--------------------------------------------------------------------------------



            Signal                       |    Pin   | Terms | Terms | Terms
             Name                        | Assigned | Used  |  Max  | Unused
=========================================|==========|=======|=======|=======
D                                        |   15     |   2   |  10   |   8
C                                        |   22     |   4   |  10   |   6
B                                        |   14     |   4   |   8   |   4
A                                        |   23     |   5   |   8   |   3


     ==== List of Inputs/Feedbacks ====

Signal Name                              | Pin      | Pin Type
=========================================|==========|=========
N0                                       |    1     | CLK/IN
N1                                       |    2     | INPUT
N2                                       |    3     | INPUT
N3                                       |    4     | INPUT
N4                                       |    5     | INPUT
N5                                       |    6     | INPUT
N6                                       |    7     | INPUT
N7                                       |    8     | INPUT
N8                                       |    9     | INPUT
N9                                       |   10     | INPUT


                                                                      Page 6
ispLEVER Classic 2.0.00.17.20.15  -  Device Utilization Chart         Wed May 02 22:26:44 2018

P22V10G Unused Resources:
--------------------------------------------------------------------------------



 Pin   |  Pin   |   Product   | Flip-flop
Number |  Type  |   Terms     |   Type
=======|========|=============|==========
   11  |  INPUT |      -      |    -   
   13  |  INPUT |      -      |    -   
   16  |  BIDIR | NORMAL 12   |    D
   17  |  BIDIR | NORMAL 14   |    D
   18  |  BIDIR | NORMAL 16   |    D
   19  |  BIDIR | NORMAL 16   |    D
   20  |  BIDIR | NORMAL 14   |    D
   21  |  BIDIR | NORMAL 12   |    D
